This is a test
to see
whether new line insert works
