this is a test
of whether deleting a newline character works
